// Jest Snapshot v1, https://goo.gl/fbAQLP

exports[`App.vue Check if the App.vue component has the expected UI 1`] = `
<div id="app">
  <header-section-stub></header-section-stub>
  <div id="site-container" class="container">
    <div class="page-head">
      <div class="select-license-column">
        <h2 class="vocab">
          SELECT YOUR LICENSE
        </h2>
        <p class="stepper-instructions vocab-body body-bigger">
          Follow the steps to select the appropriate license for your work.
        </p>
      </div>
      <localechooser-stub class="locale-chooser"></localechooser-stub>
    </div>
    <div class="columns">
      <stepper-stub value="0"></stepper-stub>
      <div class="column">
        <div class="fixed-right-column">
          <!---->
          <!---->
          <helpsection-stub></helpsection-stub>
        </div>
      </div>
    </div>
  </div>
  <footer-section-stub></footer-section-stub>
</div>
`;
