// Jest Snapshot v1, https://goo.gl/fbAQLP

exports[`App.vue Check if the App.vue component has the expected UI 1`] = `
<div id="app">
  <header-section-stub></header-section-stub>
  <div id="site-container" class="container">
    <nav aria-label="breadcrumbs" class="breadcrumb caption bold">
      <ul>
        <li><a href="#">Home</a></li>
        <li><a href="#">Child Page</a></li>
        <li class="is-active"><a href="#" aria-current="page">Chooser</a></li>
      </ul>
    </nav>
    <div class="page-head">
      <div class="select-license-column">
        <h2 class="vocab">
          LICENSE CHOOSER
        </h2>
        <p class="stepper-instructions vocab-body body-bigger">
          Follow the steps to select the appropriate license for your work. This site does not store any information.
        </p>
      </div>
      <localechooser-stub class="locale-chooser"></localechooser-stub>
    </div>
    <div class="columns">
      <div class="column">
        <stepper-stub value="0"></stepper-stub>
        <help-section-stub></help-section-stub>
      </div>
      <div class="column">
        <div class="fixed-right-column">
          <!---->
          <!---->
        </div>
      </div>
    </div>
  </div>
  <footer-section-stub></footer-section-stub>
</div>
`;
