// Jest Snapshot v1, https://goo.gl/fbAQLP

exports[`AttributionDetailsStep.vue has the expected UI 1`] = `
<form class="attribution-details-form">
  <div class="field">
    <!---->
    <div class="control is-clearfix"><input type="text" autocomplete="on" class="input">
      <!---->
      <!---->
      <!---->
    </div>
    <!---->
  </div>
  <div class="field">
    <!---->
    <div class="control is-clearfix"><input type="text" autocomplete="on" class="input">
      <!---->
      <!---->
      <!---->
    </div>
    <!---->
  </div>
  <div class="field">
    <!---->
    <div class="control is-clearfix"><input type="text" autocomplete="on" class="input">
      <!---->
      <!---->
      <!---->
    </div>
    <!---->
  </div>
  <div class="field">
    <!---->
    <div class="control is-clearfix"><input type="text" autocomplete="on" class="input">
      <!---->
      <!---->
      <!---->
    </div>
    <!---->
  </div>
</form>
`;
