// Jest Snapshot v1, https://goo.gl/fbAQLP

exports[`AttributeDetailsStep Component is mounted if status is current 1`] = `
<div
  class="step-content"
>
  <div
    class="step-actions"
  >
    <p
      class="attribution-details-instructions"
    >
      
            stepper.AD.instructions
        
    </p>
     
    <form
      class="attribution-details-form"
    >
      <div
        class="field"
      >
        <label
          class="label"
        >
          stepper.AD.form.creator-name.label
        </label>
         
        <div
          class="control is-clearfix"
        >
          <input
            autocomplete="on"
            class="input"
            placeholder="stepper.AD.form.creator-name.placeholder"
            type="text"
          />
           
          <!---->
           
          <!---->
           
          <!---->
        </div>
         
        <!---->
      </div>
       
      <div
        class="field"
      >
        <label
          class="label"
        >
          stepper.AD.form.creator-profile.label
        </label>
         
        <div
          class="control is-clearfix"
        >
          <input
            autocomplete="on"
            class="input"
            placeholder="stepper.AD.form.creator-profile.placeholder"
            type="text"
          />
           
          <!---->
           
          <!---->
           
          <!---->
        </div>
         
        <!---->
      </div>
       
      <div
        class="field"
      >
        <label
          class="label"
        >
          stepper.AD.form.work-title.label
        </label>
         
        <div
          class="control is-clearfix"
        >
          <input
            autocomplete="on"
            class="input"
            placeholder="stepper.AD.form.work-title.placeholder"
            type="text"
          />
           
          <!---->
           
          <!---->
           
          <!---->
        </div>
         
        <!---->
      </div>
       
      <div
        class="field"
      >
        <label
          class="label"
        >
          stepper.AD.form.work-url.label
        </label>
         
        <div
          class="control is-clearfix"
        >
          <input
            autocomplete="on"
            class="input"
            placeholder="stepper.AD.form.work-url.placeholder"
            type="text"
          />
           
          <!---->
           
          <!---->
           
          <!---->
        </div>
         
        <!---->
      </div>
    </form>
  </div>
</div>
`;

exports[`AttributionDetailsStep Component is mounted if status is current 1`] = `
<div
  class="step-content"
>
  <div
    class="step-actions"
  >
    <p
      class="attribution-details-instructions"
    >
      
            stepper.AD.instructions
        
    </p>
     
    <form
      class="attribution-details-form"
    >
      <div
        class="field"
      >
        <label
          class="label"
        >
          stepper.AD.form.creator-name.label
        </label>
         
        <div
          class="control is-clearfix"
        >
          <input
            autocomplete="on"
            class="input"
            placeholder="stepper.AD.form.creator-name.placeholder"
            type="text"
          />
           
          <!---->
           
          <!---->
           
          <!---->
        </div>
         
        <!---->
      </div>
       
      <div
        class="field"
      >
        <label
          class="label"
        >
          stepper.AD.form.creator-profile.label
        </label>
         
        <div
          class="control is-clearfix"
        >
          <input
            autocomplete="on"
            class="input"
            placeholder="stepper.AD.form.creator-profile.placeholder"
            type="text"
          />
           
          <!---->
           
          <!---->
           
          <!---->
        </div>
         
        <!---->
      </div>
       
      <div
        class="field"
      >
        <label
          class="label"
        >
          stepper.AD.form.work-title.label
        </label>
         
        <div
          class="control is-clearfix"
        >
          <input
            autocomplete="on"
            class="input"
            placeholder="stepper.AD.form.work-title.placeholder"
            type="text"
          />
           
          <!---->
           
          <!---->
           
          <!---->
        </div>
         
        <!---->
      </div>
       
      <div
        class="field"
      >
        <label
          class="label"
        >
          stepper.AD.form.work-url.label
        </label>
         
        <div
          class="control is-clearfix"
        >
          <input
            autocomplete="on"
            class="input"
            placeholder="stepper.AD.form.work-url.placeholder"
            type="text"
          />
           
          <!---->
           
          <!---->
           
          <!---->
        </div>
         
        <!---->
      </div>
    </form>
  </div>
</div>
`;
