// Jest Snapshot v1, https://goo.gl/fbAQLP

exports[`LicenseDetailsCard.vue Check if the LicenseDetailsCard.vue component has the expected UI 1`] = `
<div class="selected-license-card">
  <h3 class="vocab">
    license-details-card.heading
  </h3>
  <h4 class="vocab b-header"><a href="https://creativecommons.org/licenses/by-sa/4.0/?ref=ccchooser" class="license-name">
      Attribution-ShareAlike 4.0 International (CC BY-SA 4.0)
      <span url="https://creativecommons.org/licenses/by-sa/4.0/?ref=ccchooser" class="license-icons"><img width="20" height="20" src="../assets/license-icons/cc.svg"> <img width="20" height="20" src="[object Object]"><img width="20" height="20" src="[object Object]"></span></a></h4>
  <p class="chooser-selected-description"><b>CC-BY-SA</b>
    license-details-card.full-description.cc-by-sa
  </p>
  <section class="license-visual-info">
    <ul class="license-list"><span name="highlight"><li class="license-list-item by"><span class="readable-string"><b>BY:</b>
                        license-details-card.item-description.by
                    </span></li>
      <li class="license-list-item sa"><span class="readable-string"><b>SA:</b>
                        license-details-card.item-description.sa
                    </span></li></span>
    </ul>
  </section>
</div>
`;
