// Jest Snapshot v1, https://goo.gl/fbAQLP

exports[`LicenseDetailsCard.vue Check if the LicenseDetailsCard.vue component has the expected UI 1`] = `
<div class="selected-license-card">
  <h3 class="vocab">
    license-details-card.heading
  </h3>
  <h4 class="vocab b-header"><a href="https://creativecommons.org/licenses/by-sa/4.0/?ref=ccchooser" class="license-name">
      Attribution-ShareAlike 4.0 International (CC BY-SA 4.0)
      <a href="https://creativecommons.org/licenses/by-sa/4.0/?ref=ccchooser" target="_blank" rel="noopener noreferrer" class="photo-license-icons"><img alt="CC icon" title="CC icon" src="../assets/license-icons/cc.svg" class="photo-license-icon"> <img alt="by icon" title="by icon" src="[object Object]" class="photo-license-icon"><img alt="sa icon" title="sa icon" src="[object Object]" class="photo-license-icon"></a></a></h4>
  <p class="chooser-selected-description"><b>CC-BY-SA</b>
    license-details-card.full-description.cc-by-sa
  </p>
  <section class="license-visual-info">
    <ul class="license-list"><span name="highlight"><li class="license-list-item by"><span class="readable-string"><b>BY:</b>
                        license-details-card.item-description.by
                    </span></li>
      <li class="license-list-item sa"><span class="readable-string"><b>SA:</b>
                        license-details-card.item-description.sa
                    </span></li></span>
    </ul>
  </section>
</div>
`;
