// Jest Snapshot v1, https://goo.gl/fbAQLP

exports[`SelectedLicenseInfo.vue has the expected UI 1`] = `
<div class="selected-license-info">
  <h4><a href="https://creativecommons.org/licenses/by/4.0/?ref=ccchooser">Attribution 4.0 International</a></h4>
  <hr class="h4-underline">
  <section class="license-visual-info">
    <ul class="license-list"><span name="highlight"><li><licenseiconography-stub iconlist="by"></licenseiconography-stub> <span class="readable-string">
                        The creator must be credited
                    </span></li></span></ul> <a href="https://creativecommons.org/freeworks">
      <div class="license-freeworks-status"><img src="../assets/license-icons/fc_approved_small.png" alt="">
        <p>Free Culture License</p>
      </div>
    </a>
  </section>
  <licensedescription-stub selectedlicense="CC BY 4.0"></licensedescription-stub>
</div>
`;
