// Jest Snapshot v1, https://goo.gl/fbAQLP

exports[`SelectedLicenseInfo.vue has the expected UI 1`] = `
<div class="selected-license-info">
  <h4><a href="https://creativecommons.org/licenses/by/4.0/?ref=ccchooser">Attribution 4.0 International</a></h4>
  <p id="chooser-selected-description"><b>CC BY </b> <span></span></p>
  <section class="license-visual-info">
    <ul class="license-list"><span name="highlight"><li><licenseiconography-stub iconlist="by"></licenseiconography-stub> <span class="readable-string">
                        
                    </span></li></span></ul>
    <div class="freeworks-status__div"><a href="https://creativecommons.org/freeworks"><img src="../assets/license-icons/fc_approved_small.png" alt=""></a></div>
    <p class="freeworks-status__p"><a href="https://creativecommons.org/freeworks">
      </a></p>
  </section>
</div>
`;
