// Jest Snapshot v1, https://goo.gl/fbAQLP

exports[`Stepper.vue has the expected UI 1`] = `
<div id="stepper" class="column is-three-fifths-tablet is-half-desktop">
  <div class="card">
    <header class="card-header">
      <h2 class="vocab-h2">Select your license</h2>
    </header>
    <div class="card-content">
      <p class="stepper-instructions">Use the most open license with attribution requirement, or select other options to restrict it.</p>
      <div class="b-steps">
        <nav class="steps is-small">
          <ul class="step-items">
            <li class="step-item is-step-selected is-active"><a class="step-link is-clickable">
                <div class="step-marker"><span class="icon is-small"><i class="fab fa-creative-commons-by"></i></span></div>
                <div class="step-details"><span class="step-title"></span></div>
              </a></li>
            <li class="step-item is-step-not_selected"><a class="step-link is-clickable">
                <div class="step-marker"><span class="icon is-small"><i class="fab fa-creative-commons-nc"></i></span></div>
                <div class="step-details"><span class="step-title"></span></div>
              </a></li>
            <li class="step-item is-step-not_selected"><a class="step-link is-clickable">
                <div class="step-marker"><span class="icon is-small"><i class="fab fa-creative-commons-nd"></i></span></div>
                <div class="step-details"><span class="step-title"></span></div>
              </a></li>
            <li class="step-item is-step-not_selected"><a class="step-link is-clickable">
                <div class="step-marker"><span class="icon is-small"><i class="fab fa-creative-commons-sa"></i></span></div>
                <div class="step-details"><span class="step-title"></span></div>
              </a></li>
            <li class="step-item is-step-not_selected" style="display: none;"><a class="step-link is-clickable">
                <div class="step-marker"><span class="icon is-small"><i class="fas fa-exclamation-circle"></i></span></div>
                <div class="step-details"><span class="step-title"></span></div>
              </a></li>
            <li class="step-item is-step-not_selected"><a class="step-link is-clickable">
                <div class="step-marker"><span class="icon is-small"><i class="fas fa-user-circle"></i></span></div>
                <div class="step-details"><span class="step-title"></span></div>
              </a></li>
          </ul>
        </nav>
        <section class="step-content">
          <div class="step-item" style="" selected="selected">
            <div class="selection-step">
              <p class="selection-question"></p>
              <div class="field selected"><label class="b-radio radio"><input type="radio" value="yes"> <span class="check"></span> <span class="control-label"><span></span></span></label></div>
              <div class="field not-selected"><label class="b-radio radio"><input type="radio" value="no"> <span class="check"></span> <span class="control-label"><span></span></span></label></div>
            </div>
            <!---->
            <!---->
          </div>
          <div class="step-item" style="display: none;">
            <div class="selection-step">
              <p class="selection-question"></p>
              <div class="field not-selected"><label class="b-radio radio"><input type="radio" value="yes"> <span class="check"></span> <span class="control-label"><span></span></span></label></div>
              <div class="field selected"><label class="b-radio radio"><input type="radio" value="no"> <span class="check"></span> <span class="control-label"><span></span></span></label></div>
            </div>
            <!---->
            <!---->
          </div>
          <div class="step-item" style="display: none;">
            <div class="selection-step">
              <p class="selection-question"></p>
              <div class="field not-selected"><label class="b-radio radio"><input type="radio" value="yes"> <span class="check"></span> <span class="control-label"><span></span></span></label></div>
              <div class="field selected"><label class="b-radio radio"><input type="radio" value="no"> <span class="check"></span> <span class="control-label"><span></span></span></label></div>
            </div>
            <!---->
            <!---->
          </div>
          <div class="step-item" style="display: none;">
            <div class="selection-step">
              <p class="selection-question"></p>
              <div class="field not-selected"><label class="b-radio radio"><input type="radio" value="yes"> <span class="check"></span> <span class="control-label"><span></span></span></label></div>
              <div class="field selected"><label class="b-radio radio"><input type="radio" value="no"> <span class="check"></span> <span class="control-label"><span></span></span></label></div>
            </div>
            <!---->
            <!---->
          </div>
          <div class="step-item" style="display: none;">
            <!---->
            <div selected="selected"><label class="b-checkbox checkbox"><input type="checkbox" true-value="true" value="false"> <span class="check"></span> <span class="control-label">

    </span></label> <textarea class="waiver-textarea"></textarea> <label class="b-checkbox checkbox"><input type="checkbox" true-value="true" value="false"> <span class="check"></span> <span class="control-label">

    </span></label></div>
            <!---->
          </div>
          <div class="step-item" style="display: none;">
            <!---->
            <!---->
            <form class="attribution-details-form">
              <div class="field is-floating-in-label"><label class="label">Work Author</label>
                <div class="control is-clearfix"><input type="text" autocomplete="on" placeholder="John Silver" class="input">
                  <!---->
                  <!---->
                  <!---->
                </div>
                <!---->
              </div>
              <div class="field is-floating-in-label"><label class="label">URL of Creator Profile</label>
                <div class="control is-clearfix"><input type="text" autocomplete="on" placeholder="Creator's blog/ twitter profile/ instagram profile etc" class="input">
                  <!---->
                  <!---->
                  <!---->
                </div>
                <!---->
              </div>
              <div class="field is-floating-in-label"><label class="label">Title of Work</label>
                <div class="control is-clearfix"><input type="text" autocomplete="on" placeholder="This work" class="input">
                  <!---->
                  <!---->
                  <!---->
                </div>
                <!---->
              </div>
              <div class="field is-floating-in-label"><label class="label">Work URL</label>
                <div class="control is-clearfix"><input type="text" autocomplete="on" placeholder="https://www.example.com/image.jpg" class="input">
                  <!---->
                  <!---->
                  <!---->
                </div>
                <!---->
              </div>
            </form>
          </div>
        </section>
        <nav class="step-navigation"><a role="button" disabled="disabled" class="pagination-previous"><span class="icon" aria-hidden="true"><i class="mdi mdi-chevron-left mdi-24px"></i></span></a> <a role="button" class="pagination-next"><span class="icon" aria-hidden="true"><i class="mdi mdi-chevron-right mdi-24px"></i></span></a></nav>
      </div>
    </div>
  </div>
</div>
`;
